
> infra-xray@1.0.0 dev /app
> concurrently "npm run dev:backend" "npm run dev:frontend"

[0] npm warn Unknown env config "auto-install-peers". This will stop working in the next major version of npm. See `npm help npmrc` for supported config options.
[0] npm warn Unknown env config "node-linker". This will stop working in the next major version of npm. See `npm help npmrc` for supported config options.
[0] npm warn Unknown env config "verify-deps-before-run". This will stop working in the next major version of npm. See `npm help npmrc` for supported config options.
[0] npm warn Unknown env config "npm-globalconfig". This will stop working in the next major version of npm. See `npm help npmrc` for supported config options.
[0] npm warn Unknown env config "_jsr-registry". This will stop working in the next major version of npm. See `npm help npmrc` for supported config options.
[0] npm warn Unknown project config "package-manager-strict". This will stop working in the next major version of npm. See `npm help npmrc` for supported config options.
[0] npm warn Unknown project config "auto-install-peers". This will stop working in the next major version of npm. See `npm help npmrc` for supported config options.
[0] npm warn Unknown project config "node-linker". This will stop working in the next major version of npm. See `npm help npmrc` for supported config options.
[1] npm warn Unknown env config "auto-install-peers". This will stop working in the next major version of npm. See `npm help npmrc` for supported config options.
[1] npm warn Unknown env config "node-linker". This will stop working in the next major version of npm. See `npm help npmrc` for supported config options.
[1] npm warn Unknown env config "verify-deps-before-run". This will stop working in the next major version of npm. See `npm help npmrc` for supported config options.
[1] npm warn Unknown env config "npm-globalconfig". This will stop working in the next major version of npm. See `npm help npmrc` for supported config options.
[1] npm warn Unknown env config "_jsr-registry". This will stop working in the next major version of npm. See `npm help npmrc` for supported config options.
[1] npm warn Unknown project config "package-manager-strict". This will stop working in the next major version of npm. See `npm help npmrc` for supported config options.
[1] npm warn Unknown project config "auto-install-peers". This will stop working in the next major version of npm. See `npm help npmrc` for supported config options.
[1] npm warn Unknown project config "node-linker". This will stop working in the next major version of npm. See `npm help npmrc` for supported config options.
[0]
[0] > infra-xray@1.0.0 dev:backend
[0] > cd backend && npm run dev
[0]
[1]
[1] > infra-xray@1.0.0 dev:frontend
[1] > cd frontend && npm run dev
[1]
[1] npm warn Unknown env config "auto-install-peers". This will stop working in the next major version of npm. See `npm help npmrc` for supported config options.
[1] npm warn Unknown env config "node-linker". This will stop working in the next major version of npm. See `npm help npmrc` for supported config options.
[1] npm warn Unknown env config "verify-deps-before-run". This will stop working in the next major version of npm. See `npm help npmrc` for supported config options.
[1] npm warn Unknown env config "npm-globalconfig". This will stop working in the next major version of npm. See `npm help npmrc` for supported config options.
[1] npm warn Unknown env config "_jsr-registry". This will stop working in the next major version of npm. See `npm help npmrc` for supported config options.
[0] npm warn Unknown env config "auto-install-peers". This will stop working in the next major version of npm. See `npm help npmrc` for supported config options.
[0] npm warn Unknown env config "node-linker". This will stop working in the next major version of npm. See `npm help npmrc` for supported config options.
[0] npm warn Unknown env config "verify-deps-before-run". This will stop working in the next major version of npm. See `npm help npmrc` for supported config options.
[0] npm warn Unknown env config "npm-globalconfig". This will stop working in the next major version of npm. See `npm help npmrc` for supported config options.
[0] npm warn Unknown env config "_jsr-registry". This will stop working in the next major version of npm. See `npm help npmrc` for supported config options.
[1]
[1] > infra-xray-frontend@1.0.0 dev
[1] > vite
[1]
[0]
[0] > infra-xray-backend@1.0.0 dev
[0] > nodemon src/server.js
[0]
[0] [33m[nodemon] 3.1.14[39m
[0] [33m[nodemon] to restart at any time, enter `rs`[39m
[0] [33m[nodemon] watching path(s): *.*[39m
[0] [33m[nodemon] watching extensions: js,mjs,cjs,json[39m
[0] [32m[nodemon] starting `node src/server.js`[39m
[1]
[1]   VITE v5.4.21  ready in 292 ms
[1]
[1]   ➜  Local:   http://localhost:5173/
[1]   ➜  Network: use --host to expose
[0] WebSocket server initialized on /ws
[0] INFRA-XRAY API & WebSocket running on http://localhost:3001
